<?xml version="1.0"?>
<link_info>
   <banner>TI ARM Linker PC v5.1.5</banner>
   <copyright>Copyright (c) 1996-2014 Texas Instruments Incorporated</copyright>
   <link_time>0x537f61a4</link_time>
   <link_errors>0x1</link_errors>
   <output_file>M4MP3.out</output_file>
   <entry_point>
      <name>_c_int00</name>
      <address>0x8ea9</address>
   </entry_point>
   <input_file_list>
      <input_file id="fl-2">
         <path>.\FatFs\</path>
         <kind>object</kind>
         <file>ff.obj</file>
         <name>ff.obj</name>
      </input_file>
      <input_file id="fl-3">
         <path>.\</path>
         <kind>object</kind>
         <file>uc1701.obj</file>
         <name>uc1701.obj</name>
      </input_file>
      <input_file id="fl-4">
         <path>.\</path>
         <kind>object</kind>
         <file>tmp100.obj</file>
         <name>tmp100.obj</name>
      </input_file>
      <input_file id="fl-5">
         <path>.\</path>
         <kind>object</kind>
         <file>tm4c123gh6pm_startup_ccs.obj</file>
         <name>tm4c123gh6pm_startup_ccs.obj</name>
      </input_file>
      <input_file id="fl-6">
         <path>.\</path>
         <kind>object</kind>
         <file>tlv320aic23b.obj</file>
         <name>tlv320aic23b.obj</name>
      </input_file>
      <input_file id="fl-7">
         <path>.\</path>
         <kind>object</kind>
         <file>tasks.obj</file>
         <name>tasks.obj</name>
      </input_file>
      <input_file id="fl-8">
         <path>.\</path>
         <kind>object</kind>
         <file>sdc.obj</file>
         <name>sdc.obj</name>
      </input_file>
      <input_file id="fl-9">
         <path>.\</path>
         <kind>object</kind>
         <file>queue.obj</file>
         <name>queue.obj</name>
      </input_file>
      <input_file id="fl-a">
         <path>.\</path>
         <kind>object</kind>
         <file>portasm.obj</file>
         <name>portasm.obj</name>
      </input_file>
      <input_file id="fl-b">
         <path>.\</path>
         <kind>object</kind>
         <file>port.obj</file>
         <name>port.obj</name>
      </input_file>
      <input_file id="fl-c">
         <path>.\</path>
         <kind>object</kind>
         <file>m4_uart.obj</file>
         <name>m4_uart.obj</name>
      </input_file>
      <input_file id="fl-d">
         <path>.\</path>
         <kind>object</kind>
         <file>m4_tirtos.obj</file>
         <name>m4_tirtos.obj</name>
      </input_file>
      <input_file id="fl-e">
         <path>.\</path>
         <kind>object</kind>
         <file>m4_temp.obj</file>
         <name>m4_temp.obj</name>
      </input_file>
      <input_file id="fl-f">
         <path>.\</path>
         <kind>object</kind>
         <file>m4_pwm.obj</file>
         <name>m4_pwm.obj</name>
      </input_file>
      <input_file id="fl-10">
         <path>.\</path>
         <kind>object</kind>
         <file>m4_player.obj</file>
         <name>m4_player.obj</name>
      </input_file>
      <input_file id="fl-11">
         <path>.\</path>
         <kind>object</kind>
         <file>m4_pinmux.obj</file>
         <name>m4_pinmux.obj</name>
      </input_file>
      <input_file id="fl-12">
         <path>.\</path>
         <kind>object</kind>
         <file>m4_main.obj</file>
         <name>m4_main.obj</name>
      </input_file>
      <input_file id="fl-13">
         <path>.\</path>
         <kind>object</kind>
         <file>m4_lcd.obj</file>
         <name>m4_lcd.obj</name>
      </input_file>
      <input_file id="fl-14">
         <path>.\</path>
         <kind>object</kind>
         <file>m4_i2c.obj</file>
         <name>m4_i2c.obj</name>
      </input_file>
      <input_file id="fl-15">
         <path>.\</path>
         <kind>object</kind>
         <file>m4_gpio.obj</file>
         <name>m4_gpio.obj</name>
      </input_file>
      <input_file id="fl-16">
         <path>.\</path>
         <kind>object</kind>
         <file>m4_freertos.obj</file>
         <name>m4_freertos.obj</name>
      </input_file>
      <input_file id="fl-17">
         <path>.\</path>
         <kind>object</kind>
         <file>m4_dac.obj</file>
         <name>m4_dac.obj</name>
      </input_file>
      <input_file id="fl-18">
         <path>.\</path>
         <kind>object</kind>
         <file>m4_codec.obj</file>
         <name>m4_codec.obj</name>
      </input_file>
      <input_file id="fl-19">
         <path>.\</path>
         <kind>object</kind>
         <file>m4_app_gui.obj</file>
         <name>m4_app_gui.obj</name>
      </input_file>
      <input_file id="fl-1a">
         <path>.\</path>
         <kind>object</kind>
         <file>m4_app_cli.obj</file>
         <name>m4_app_cli.obj</name>
      </input_file>
      <input_file id="fl-1b">
         <path>.\</path>
         <kind>object</kind>
         <file>m4_adc.obj</file>
         <name>m4_adc.obj</name>
      </input_file>
      <input_file id="fl-1c">
         <path>.\</path>
         <kind>object</kind>
         <file>list.obj</file>
         <name>list.obj</name>
      </input_file>
      <input_file id="fl-1d">
         <path>.\</path>
         <kind>object</kind>
         <file>heap_2.obj</file>
         <name>heap_2.obj</name>
      </input_file>
      <input_file id="fl-1e">
         <path>.\</path>
         <kind>object</kind>
         <file>gt20l16s1y.obj</file>
         <name>gt20l16s1y.obj</name>
      </input_file>
      <input_file id="fl-1f">
         <path>.\</path>
         <kind>object</kind>
         <file>dac7512.obj</file>
         <name>dac7512.obj</name>
      </input_file>
      <input_file id="fl-14d">
         <path>c:\ti\ccsv6\tools\compiler\arm_5.1.5\lib\</path>
         <kind>archive</kind>
         <file>rtsv7M4_T_le_v4SPD16_eabi.lib</file>
         <name>boot.obj</name>
      </input_file>
      <input_file id="fl-14e">
         <path>c:\ti\ccsv6\tools\compiler\arm_5.1.5\lib\</path>
         <kind>archive</kind>
         <file>rtsv7M4_T_le_v4SPD16_eabi.lib</file>
         <name>copy_decompress_none.obj</name>
      </input_file>
      <input_file id="fl-14f">
         <path>c:\ti\ccsv6\tools\compiler\arm_5.1.5\lib\</path>
         <kind>archive</kind>
         <file>rtsv7M4_T_le_v4SPD16_eabi.lib</file>
         <name>copy_decompress_rle.obj</name>
      </input_file>
      <input_file id="fl-150">
         <path>c:\ti\ccsv6\tools\compiler\arm_5.1.5\lib\</path>
         <kind>archive</kind>
         <file>rtsv7M4_T_le_v4SPD16_eabi.lib</file>
         <name>copy_zero_init.obj</name>
      </input_file>
      <input_file id="fl-151">
         <path>c:\ti\ccsv6\tools\compiler\arm_5.1.5\lib\</path>
         <kind>archive</kind>
         <file>rtsv7M4_T_le_v4SPD16_eabi.lib</file>
         <name>exit.obj</name>
      </input_file>
      <input_file id="fl-152">
         <path>c:\ti\ccsv6\tools\compiler\arm_5.1.5\lib\</path>
         <kind>archive</kind>
         <file>rtsv7M4_T_le_v4SPD16_eabi.lib</file>
         <name>fd_add_t2.obj</name>
      </input_file>
      <input_file id="fl-153">
         <path>c:\ti\ccsv6\tools\compiler\arm_5.1.5\lib\</path>
         <kind>archive</kind>
         <file>rtsv7M4_T_le_v4SPD16_eabi.lib</file>
         <name>fd_div_t2.obj</name>
      </input_file>
      <input_file id="fl-154">
         <path>c:\ti\ccsv6\tools\compiler\arm_5.1.5\lib\</path>
         <kind>archive</kind>
         <file>rtsv7M4_T_le_v4SPD16_eabi.lib</file>
         <name>fd_mul_t2.obj</name>
      </input_file>
      <input_file id="fl-155">
         <path>c:\ti\ccsv6\tools\compiler\arm_5.1.5\lib\</path>
         <kind>archive</kind>
         <file>rtsv7M4_T_le_v4SPD16_eabi.lib</file>
         <name>fd_tos_t2.obj</name>
      </input_file>
      <input_file id="fl-156">
         <path>c:\ti\ccsv6\tools\compiler\arm_5.1.5\lib\</path>
         <kind>archive</kind>
         <file>rtsv7M4_T_le_v4SPD16_eabi.lib</file>
         <name>fd_tou_t2.obj</name>
      </input_file>
      <input_file id="fl-157">
         <path>c:\ti\ccsv6\tools\compiler\arm_5.1.5\lib\</path>
         <kind>archive</kind>
         <file>rtsv7M4_T_le_v4SPD16_eabi.lib</file>
         <name>fs_tod_t2.obj</name>
      </input_file>
      <input_file id="fl-158">
         <path>c:\ti\ccsv6\tools\compiler\arm_5.1.5\lib\</path>
         <kind>archive</kind>
         <file>rtsv7M4_T_le_v4SPD16_eabi.lib</file>
         <name>i_tofd_t2.obj</name>
      </input_file>
      <input_file id="fl-159">
         <path>c:\ti\ccsv6\tools\compiler\arm_5.1.5\lib\</path>
         <kind>archive</kind>
         <file>rtsv7M4_T_le_v4SPD16_eabi.lib</file>
         <name>memcmp.obj</name>
      </input_file>
      <input_file id="fl-15a">
         <path>c:\ti\ccsv6\tools\compiler\arm_5.1.5\lib\</path>
         <kind>archive</kind>
         <file>rtsv7M4_T_le_v4SPD16_eabi.lib</file>
         <name>memcpy_t2.obj</name>
      </input_file>
      <input_file id="fl-15b">
         <path>c:\ti\ccsv6\tools\compiler\arm_5.1.5\lib\</path>
         <kind>archive</kind>
         <file>rtsv7M4_T_le_v4SPD16_eabi.lib</file>
         <name>memset_t2.obj</name>
      </input_file>
      <input_file id="fl-15c">
         <path>c:\ti\ccsv6\tools\compiler\arm_5.1.5\lib\</path>
         <kind>archive</kind>
         <file>rtsv7M4_T_le_v4SPD16_eabi.lib</file>
         <name>sin.obj</name>
      </input_file>
      <input_file id="fl-15d">
         <path>c:\ti\ccsv6\tools\compiler\arm_5.1.5\lib\</path>
         <kind>archive</kind>
         <file>rtsv7M4_T_le_v4SPD16_eabi.lib</file>
         <name>sprintf.obj</name>
      </input_file>
      <input_file id="fl-15e">
         <path>c:\ti\ccsv6\tools\compiler\arm_5.1.5\lib\</path>
         <kind>archive</kind>
         <file>rtsv7M4_T_le_v4SPD16_eabi.lib</file>
         <name>stkdepth_vars.obj</name>
      </input_file>
      <input_file id="fl-15f">
         <path>c:\ti\ccsv6\tools\compiler\arm_5.1.5\lib\</path>
         <kind>archive</kind>
         <file>rtsv7M4_T_le_v4SPD16_eabi.lib</file>
         <name>strcat.obj</name>
      </input_file>
      <input_file id="fl-160">
         <path>c:\ti\ccsv6\tools\compiler\arm_5.1.5\lib\</path>
         <kind>archive</kind>
         <file>rtsv7M4_T_le_v4SPD16_eabi.lib</file>
         <name>strlen.obj</name>
      </input_file>
      <input_file id="fl-161">
         <path>c:\ti\ccsv6\tools\compiler\arm_5.1.5\lib\</path>
         <kind>archive</kind>
         <file>rtsv7M4_T_le_v4SPD16_eabi.lib</file>
         <name>strncpy.obj</name>
      </input_file>
      <input_file id="fl-162">
         <path>c:\ti\ccsv6\tools\compiler\arm_5.1.5\lib\</path>
         <kind>archive</kind>
         <file>rtsv7M4_T_le_v4SPD16_eabi.lib</file>
         <name>u_divt2.obj</name>
      </input_file>
      <input_file id="fl-163">
         <path>c:\ti\ccsv6\tools\compiler\arm_5.1.5\lib\</path>
         <kind>archive</kind>
         <file>rtsv7M4_T_le_v4SPD16_eabi.lib</file>
         <name>u_tofd_t2.obj</name>
      </input_file>
      <input_file id="fl-164">
         <path>c:\ti\ccsv6\tools\compiler\arm_5.1.5\lib\</path>
         <kind>archive</kind>
         <file>rtsv7M4_T_le_v4SPD16_eabi.lib</file>
         <name>vsprintf.obj</name>
      </input_file>
      <input_file id="fl-165">
         <path>c:\ti\ccsv6\tools\compiler\arm_5.1.5\lib\</path>
         <kind>archive</kind>
         <file>rtsv7M4_T_le_v4SPD16_eabi.lib</file>
         <name>xsin.obj</name>
      </input_file>
      <input_file id="fl-166">
         <path>c:\ti\ccsv6\tools\compiler\arm_5.1.5\lib\</path>
         <kind>archive</kind>
         <file>rtsv7M4_T_le_v4SPD16_eabi.lib</file>
         <name>xvalues.obj</name>
      </input_file>
      <input_file id="fl-167">
         <path>c:\ti\ccsv6\tools\compiler\arm_5.1.5\lib\</path>
         <kind>archive</kind>
         <file>rtsv7M4_T_le_v4SPD16_eabi.lib</file>
         <name>_lock.obj</name>
      </input_file>
      <input_file id="fl-168">
         <path>c:\ti\ccsv6\tools\compiler\arm_5.1.5\lib\</path>
         <kind>archive</kind>
         <file>rtsv7M4_T_le_v4SPD16_eabi.lib</file>
         <name>_printfi.obj</name>
      </input_file>
      <input_file id="fl-169">
         <path>c:\ti\ccsv6\tools\compiler\arm_5.1.5\lib\</path>
         <kind>archive</kind>
         <file>rtsv7M4_T_le_v4SPD16_eabi.lib</file>
         <name>args_main.obj</name>
      </input_file>
      <input_file id="fl-16a">
         <path>c:\ti\ccsv6\tools\compiler\arm_5.1.5\lib\</path>
         <kind>archive</kind>
         <file>rtsv7M4_T_le_v4SPD16_eabi.lib</file>
         <name>atoi.obj</name>
      </input_file>
      <input_file id="fl-16b">
         <path>c:\ti\ccsv6\tools\compiler\arm_5.1.5\lib\</path>
         <kind>archive</kind>
         <file>rtsv7M4_T_le_v4SPD16_eabi.lib</file>
         <name>auto_init.obj</name>
      </input_file>
      <input_file id="fl-16c">
         <path>c:\ti\ccsv6\tools\compiler\arm_5.1.5\lib\</path>
         <kind>archive</kind>
         <file>rtsv7M4_T_le_v4SPD16_eabi.lib</file>
         <name>cpy_tbl.obj</name>
      </input_file>
      <input_file id="fl-16d">
         <path>c:\ti\ccsv6\tools\compiler\arm_5.1.5\lib\</path>
         <kind>archive</kind>
         <file>rtsv7M4_T_le_v4SPD16_eabi.lib</file>
         <name>ctype.obj</name>
      </input_file>
      <input_file id="fl-16e">
         <path>c:\ti\ccsv6\tools\compiler\arm_5.1.5\lib\</path>
         <kind>archive</kind>
         <file>rtsv7M4_T_le_v4SPD16_eabi.lib</file>
         <name>fd_cmp_t2.obj</name>
      </input_file>
      <input_file id="fl-16f">
         <path>c:\ti\ccsv6\tools\compiler\arm_5.1.5\lib\</path>
         <kind>archive</kind>
         <file>rtsv7M4_T_le_v4SPD16_eabi.lib</file>
         <name>fd_toi_t2.obj</name>
      </input_file>
      <input_file id="fl-170">
         <path>c:\ti\ccsv6\tools\compiler\arm_5.1.5\lib\</path>
         <kind>archive</kind>
         <file>rtsv7M4_T_le_v4SPD16_eabi.lib</file>
         <name>fmod.obj</name>
      </input_file>
      <input_file id="fl-171">
         <path>c:\ti\ccsv6\tools\compiler\arm_5.1.5\lib\</path>
         <kind>archive</kind>
         <file>rtsv7M4_T_le_v4SPD16_eabi.lib</file>
         <name>ll_mul_t2.obj</name>
      </input_file>
      <input_file id="fl-172">
         <path>c:\ti\ccsv6\tools\compiler\arm_5.1.5\lib\</path>
         <kind>archive</kind>
         <file>rtsv7M4_T_le_v4SPD16_eabi.lib</file>
         <name>ltoa.obj</name>
      </input_file>
      <input_file id="fl-173">
         <path>c:\ti\ccsv6\tools\compiler\arm_5.1.5\lib\</path>
         <kind>archive</kind>
         <file>rtsv7M4_T_le_v4SPD16_eabi.lib</file>
         <name>memccpy.obj</name>
      </input_file>
      <input_file id="fl-174">
         <path>c:\ti\ccsv6\tools\compiler\arm_5.1.5\lib\</path>
         <kind>archive</kind>
         <file>rtsv7M4_T_le_v4SPD16_eabi.lib</file>
         <name>ull_div_t2.obj</name>
      </input_file>
      <input_file id="fl-175">
         <path>c:\ti\ccsv6\tools\compiler\arm_5.1.5\lib\</path>
         <kind>archive</kind>
         <file>rtsv7M4_T_le_v4SPD16_eabi.lib</file>
         <name>xdclass.obj</name>
      </input_file>
      <input_file id="fl-176">
         <path>c:\ti\ccsv6\tools\compiler\arm_5.1.5\lib\</path>
         <kind>archive</kind>
         <file>rtsv7M4_T_le_v4SPD16_eabi.lib</file>
         <name>xdnorm.obj</name>
      </input_file>
      <input_file id="fl-177">
         <path>c:\ti\ccsv6\tools\compiler\arm_5.1.5\lib\</path>
         <kind>archive</kind>
         <file>rtsv7M4_T_le_v4SPD16_eabi.lib</file>
         <name>xdscale.obj</name>
      </input_file>
      <input_file id="fl-178">
         <path>c:\ti\ccsv6\tools\compiler\arm_5.1.5\lib\</path>
         <kind>archive</kind>
         <file>rtsv7M4_T_le_v4SPD16_eabi.lib</file>
         <name>xdtest.obj</name>
      </input_file>
      <input_file id="fl-179">
         <path>c:\ti\ccsv6\tools\compiler\arm_5.1.5\lib\</path>
         <kind>archive</kind>
         <file>rtsv7M4_T_le_v4SPD16_eabi.lib</file>
         <name>xferaise.obj</name>
      </input_file>
      <input_file id="fl-17a">
         <path>c:\ti\ccsv6\tools\compiler\arm_5.1.5\lib\</path>
         <kind>archive</kind>
         <file>rtsv7M4_T_le_v4SPD16_eabi.lib</file>
         <name>errno.obj</name>
      </input_file>
      <input_file id="fl-17b">
         <path>c:\ti\ccsv6\tools\compiler\arm_5.1.5\lib\</path>
         <kind>archive</kind>
         <file>rtsv7M4_T_le_v4SPD16_eabi.lib</file>
         <name>feraiseexcept.obj</name>
      </input_file>
      <input_file id="fl-17c">
         <path>c:\ti\ccsv6\tools\compiler\arm_5.1.5\lib\</path>
         <kind>archive</kind>
         <file>rtsv7M4_T_le_v4SPD16_eabi.lib</file>
         <name>raise.obj</name>
      </input_file>
      <input_file id="fl-17d">
         <path>c:\ti\ccsv6\tools\compiler\arm_5.1.5\lib\</path>
         <kind>archive</kind>
         <file>rtsv7M4_T_le_v4SPD16_eabi.lib</file>
         <name>signal.obj</name>
      </input_file>
      <input_file id="fl-17e">
         <path>C:\ti\TivaWare_C_Series-2.0.1.11577\driverlib\ccs\Debug\</path>
         <kind>archive</kind>
         <file>driverlib.lib</file>
         <name>timer.obj</name>
      </input_file>
      <input_file id="fl-17f">
         <path>C:\ti\TivaWare_C_Series-2.0.1.11577\driverlib\ccs\Debug\</path>
         <kind>archive</kind>
         <file>driverlib.lib</file>
         <name>sysctl.obj</name>
      </input_file>
      <input_file id="fl-180">
         <path>C:\ti\TivaWare_C_Series-2.0.1.11577\driverlib\ccs\Debug\</path>
         <kind>archive</kind>
         <file>driverlib.lib</file>
         <name>ssi.obj</name>
      </input_file>
      <input_file id="fl-181">
         <path>C:\ti\TivaWare_C_Series-2.0.1.11577\driverlib\ccs\Debug\</path>
         <kind>archive</kind>
         <file>driverlib.lib</file>
         <name>pwm.obj</name>
      </input_file>
      <input_file id="fl-182">
         <path>C:\ti\TivaWare_C_Series-2.0.1.11577\driverlib\ccs\Debug\</path>
         <kind>archive</kind>
         <file>driverlib.lib</file>
         <name>interrupt.obj</name>
      </input_file>
      <input_file id="fl-183">
         <path>C:\ti\TivaWare_C_Series-2.0.1.11577\driverlib\ccs\Debug\</path>
         <kind>archive</kind>
         <file>driverlib.lib</file>
         <name>i2c.obj</name>
      </input_file>
      <input_file id="fl-184">
         <path>C:\ti\TivaWare_C_Series-2.0.1.11577\driverlib\ccs\Debug\</path>
         <kind>archive</kind>
         <file>driverlib.lib</file>
         <name>gpio.obj</name>
      </input_file>
      <input_file id="fl-185">
         <path>C:\ti\TivaWare_C_Series-2.0.1.11577\driverlib\ccs\Debug\</path>
         <kind>archive</kind>
         <file>driverlib.lib</file>
         <name>cpu.obj</name>
      </input_file>
      <input_file id="fl-186">
         <path>C:\ti\TivaWare_C_Series-2.0.1.11577\driverlib\ccs\Debug\</path>
         <kind>archive</kind>
         <file>driverlib.lib</file>
         <name>comp.obj</name>
      </input_file>
      <input_file id="fl-187">
         <path>C:\ti\TivaWare_C_Series-2.0.1.11577\driverlib\ccs\Debug\</path>
         <kind>archive</kind>
         <file>driverlib.lib</file>
         <name>adc.obj</name>
      </input_file>
   </input_file_list>
   <object_component_list>
      <object_component id="oc-e">
         <name>.intvecs</name>
         <load_address>0x0</load_address>
         <run_address>0x0</run_address>
         <size>0x26c</size>
         <input_file_ref idref="fl-5"/>
      </object_component>
      <object_component id="oc-136">
         <name>.text</name>
         <load_address>0x26c</load_address>
         <run_address>0x26c</run_address>
         <size>0x3a54</size>
         <input_file_ref idref="fl-2"/>
      </object_component>
      <object_component id="oc-16f">
         <name>.text</name>
         <load_address>0x3cc0</load_address>
         <run_address>0x3cc0</run_address>
         <size>0xec0</size>
         <input_file_ref idref="fl-168"/>
      </object_component>
      <object_component id="oc-131">
         <name>.text</name>
         <load_address>0x4b80</load_address>
         <run_address>0x4b80</run_address>
         <size>0x9d4</size>
         <input_file_ref idref="fl-8"/>
      </object_component>
      <object_component id="oc-89">
         <name>.text</name>
         <load_address>0x5554</load_address>
         <run_address>0x5554</run_address>
         <size>0x664</size>
         <input_file_ref idref="fl-1a"/>
      </object_component>
      <object_component id="oc-1d0">
         <name>.text</name>
         <load_address>0x5bb8</load_address>
         <run_address>0x5bb8</run_address>
         <size>0x5fa</size>
         <input_file_ref idref="fl-3"/>
      </object_component>
      <object_component id="oc-2e">
         <name>.text</name>
         <load_address>0x61b4</load_address>
         <run_address>0x61b4</run_address>
         <size>0x408</size>
         <input_file_ref idref="fl-15"/>
      </object_component>
      <object_component id="oc-1d5">
         <name>.text</name>
         <load_address>0x65bc</load_address>
         <run_address>0x65bc</run_address>
         <size>0x3e4</size>
         <input_file_ref idref="fl-1e"/>
      </object_component>
      <object_component id="oc-39b">
         <name>.text</name>
         <load_address>0x69a0</load_address>
         <run_address>0x69a0</run_address>
         <size>0x2a8</size>
         <input_file_ref idref="fl-165"/>
      </object_component>
      <object_component id="oc-93">
         <name>.text</name>
         <load_address>0x6c48</load_address>
         <run_address>0x6c48</run_address>
         <size>0x224</size>
         <input_file_ref idref="fl-13"/>
      </object_component>
      <object_component id="oc-8e">
         <name>.text</name>
         <load_address>0x6e6c</load_address>
         <run_address>0x6e6c</run_address>
         <size>0x1fc</size>
         <input_file_ref idref="fl-11"/>
      </object_component>
      <object_component id="oc-316">
         <name>.text</name>
         <load_address>0x7068</load_address>
         <run_address>0x7068</run_address>
         <size>0x1f4</size>
         <input_file_ref idref="fl-174"/>
      </object_component>
      <object_component id="oc-13b">
         <name>.text</name>
         <load_address>0x725c</load_address>
         <run_address>0x725c</run_address>
         <size>0x1d8</size>
         <input_file_ref idref="fl-6"/>
      </object_component>
      <object_component id="oc-18c">
         <name>.text</name>
         <load_address>0x7434</load_address>
         <run_address>0x7434</run_address>
         <size>0x1b6</size>
         <input_file_ref idref="fl-152"/>
      </object_component>
      <object_component id="oc-38">
         <name>.text</name>
         <load_address>0x75ec</load_address>
         <run_address>0x75ec</run_address>
         <size>0x1b4</size>
         <input_file_ref idref="fl-1f"/>
      </object_component>
      <object_component id="oc-a7">
         <name>.text</name>
         <load_address>0x77a0</load_address>
         <run_address>0x77a0</run_address>
         <size>0x180</size>
         <input_file_ref idref="fl-f"/>
      </object_component>
      <object_component id="oc-29">
         <name>.text</name>
         <load_address>0x7920</load_address>
         <run_address>0x7920</run_address>
         <size>0x178</size>
         <input_file_ref idref="fl-12"/>
      </object_component>
      <object_component id="oc-9d">
         <name>.text</name>
         <load_address>0x7a98</load_address>
         <run_address>0x7a98</run_address>
         <size>0x174</size>
         <input_file_ref idref="fl-17"/>
      </object_component>
      <object_component id="oc-4ba">
         <name>.text</name>
         <load_address>0x7c0c</load_address>
         <run_address>0x7c0c</run_address>
         <size>0x16c</size>
         <input_file_ref idref="fl-170"/>
      </object_component>
      <object_component id="oc-33">
         <name>.text</name>
         <load_address>0x7d78</load_address>
         <run_address>0x7d78</run_address>
         <size>0x13c</size>
         <input_file_ref idref="fl-c"/>
      </object_component>
      <object_component id="oc-224">
         <name>.text</name>
         <load_address>0x7eb4</load_address>
         <run_address>0x7eb4</run_address>
         <size>0x13c</size>
         <input_file_ref idref="fl-4"/>
      </object_component>
      <object_component id="oc-188">
         <name>.text</name>
         <load_address>0x7ff0</load_address>
         <run_address>0x7ff0</run_address>
         <size>0x136</size>
         <input_file_ref idref="fl-153"/>
      </object_component>
      <object_component id="oc-284">
         <name>.text:GPIOPadConfigSet</name>
         <load_address>0x8126</load_address>
         <run_address>0x8126</run_address>
         <size>0x130</size>
         <input_file_ref idref="fl-184"/>
      </object_component>
      <object_component id="oc-517">
         <name>.text</name>
         <load_address>0x8258</load_address>
         <run_address>0x8258</run_address>
         <size>0x110</size>
         <input_file_ref idref="fl-177"/>
      </object_component>
      <object_component id="oc-184">
         <name>.text</name>
         <load_address>0x8368</load_address>
         <run_address>0x8368</run_address>
         <size>0xfc</size>
         <input_file_ref idref="fl-154"/>
      </object_component>
      <object_component id="oc-3d">
         <name>.text</name>
         <load_address>0x8464</load_address>
         <run_address>0x8464</run_address>
         <size>0xec</size>
         <input_file_ref idref="fl-18"/>
      </object_component>
      <object_component id="oc-83">
         <name>.text:SysCtlClockGet</name>
         <load_address>0x8550</load_address>
         <run_address>0x8550</run_address>
         <size>0xc8</size>
         <input_file_ref idref="fl-17f"/>
      </object_component>
      <object_component id="oc-512">
         <name>.text</name>
         <load_address>0x8618</load_address>
         <run_address>0x8618</run_address>
         <size>0xc4</size>
         <input_file_ref idref="fl-176"/>
      </object_component>
      <object_component id="oc-56">
         <name>.text</name>
         <load_address>0x86dc</load_address>
         <run_address>0x86dc</run_address>
         <size>0x9c</size>
         <input_file_ref idref="fl-15a"/>
      </object_component>
      <object_component id="oc-98">
         <name>.text</name>
         <load_address>0x8778</load_address>
         <run_address>0x8778</run_address>
         <size>0x94</size>
         <input_file_ref idref="fl-1b"/>
      </object_component>
      <object_component id="oc-45">
         <name>.text</name>
         <load_address>0x880c</load_address>
         <run_address>0x880c</run_address>
         <size>0x94</size>
         <input_file_ref idref="fl-16b"/>
      </object_component>
      <object_component id="oc-31e">
         <name>.text:__aeabi_cdcmple</name>
         <load_address>0x88a0</load_address>
         <run_address>0x88a0</run_address>
         <size>0x86</size>
         <input_file_ref idref="fl-16e"/>
      </object_component>
      <object_component id="oc-322">
         <name>.text:__aeabi_cdrcmple</name>
         <load_address>0x8926</load_address>
         <run_address>0x8926</run_address>
         <size>0x86</size>
         <input_file_ref idref="fl-16e"/>
      </object_component>
      <object_component id="oc-a2">
         <name>.text</name>
         <load_address>0x89ac</load_address>
         <run_address>0x89ac</run_address>
         <size>0x84</size>
         <input_file_ref idref="fl-e"/>
      </object_component>
      <object_component id="oc-ac">
         <name>.text</name>
         <load_address>0x8a30</load_address>
         <run_address>0x8a30</run_address>
         <size>0x7c</size>
         <input_file_ref idref="fl-d"/>
      </object_component>
      <object_component id="oc-75">
         <name>.text</name>
         <load_address>0x8aac</load_address>
         <run_address>0x8aac</run_address>
         <size>0x78</size>
         <input_file_ref idref="fl-15b"/>
      </object_component>
      <object_component id="oc-1e8">
         <name>.text:ADCSequenceStepConfigure</name>
         <load_address>0x8b24</load_address>
         <run_address>0x8b24</run_address>
         <size>0x70</size>
         <input_file_ref idref="fl-187"/>
      </object_component>
      <object_component id="oc-115">
         <name>.text:IntDisable</name>
         <load_address>0x8b94</load_address>
         <run_address>0x8b94</run_address>
         <size>0x60</size>
         <input_file_ref idref="fl-182"/>
      </object_component>
      <object_component id="oc-10b">
         <name>.text:IntEnable</name>
         <load_address>0x8bf4</load_address>
         <run_address>0x8bf4</run_address>
         <size>0x60</size>
         <input_file_ref idref="fl-182"/>
      </object_component>
      <object_component id="oc-68">
         <name>.text</name>
         <load_address>0x8c54</load_address>
         <run_address>0x8c54</run_address>
         <size>0x5e</size>
         <input_file_ref idref="fl-14f"/>
      </object_component>
      <object_component id="oc-11f">
         <name>.text:DAC7512Write</name>
         <load_address>0x8cb4</load_address>
         <run_address>0x8cb4</run_address>
         <size>0x5c</size>
         <input_file_ref idref="fl-1f"/>
      </object_component>
      <object_component id="oc-f7">
         <name>.text:TimerConfigure</name>
         <load_address>0x8d10</load_address>
         <run_address>0x8d10</run_address>
         <size>0x5c</size>
         <input_file_ref idref="fl-17e"/>
      </object_component>
      <object_component id="oc-32a">
         <name>.text</name>
         <load_address>0x8d6c</load_address>
         <run_address>0x8d6c</run_address>
         <size>0x5a</size>
         <input_file_ref idref="fl-172"/>
      </object_component>
      <object_component id="oc-339">
         <name>.text</name>
         <load_address>0x8dc8</load_address>
         <run_address>0x8dc8</run_address>
         <size>0x4c</size>
         <input_file_ref idref="fl-16a"/>
      </object_component>
      <object_component id="oc-190">
         <name>.text</name>
         <load_address>0x8e14</load_address>
         <run_address>0x8e14</run_address>
         <size>0x4a</size>
         <input_file_ref idref="fl-155"/>
      </object_component>
      <object_component id="oc-1b1">
         <name>.text:GPIOPinConfigure</name>
         <load_address>0x8e60</load_address>
         <run_address>0x8e60</run_address>
         <size>0x48</size>
         <input_file_ref idref="fl-184"/>
      </object_component>
      <object_component id="oc-10">
         <name>.text</name>
         <load_address>0x8ea8</load_address>
         <run_address>0x8ea8</run_address>
         <size>0x48</size>
         <input_file_ref idref="fl-14d"/>
      </object_component>
      <object_component id="oc-326">
         <name>.text</name>
         <load_address>0x8ef0</load_address>
         <run_address>0x8ef0</run_address>
         <size>0x48</size>
         <input_file_ref idref="fl-16f"/>
      </object_component>
      <object_component id="oc-79">
         <name>.text</name>
         <load_address>0x8f38</load_address>
         <run_address>0x8f38</run_address>
         <size>0x48</size>
         <input_file_ref idref="fl-164"/>
      </object_component>
      <object_component id="oc-14c">
         <name>.text</name>
         <load_address>0x8f80</load_address>
         <run_address>0x8f80</run_address>
         <size>0x44</size>
         <input_file_ref idref="fl-16c"/>
      </object_component>
      <object_component id="oc-4e">
         <name>.text</name>
         <load_address>0x8fc4</load_address>
         <run_address>0x8fc4</run_address>
         <size>0x44</size>
         <input_file_ref idref="fl-151"/>
      </object_component>
      <object_component id="oc-21c">
         <name>.text</name>
         <load_address>0x9008</load_address>
         <run_address>0x9008</run_address>
         <size>0x44</size>
         <input_file_ref idref="fl-156"/>
      </object_component>
      <object_component id="oc-490">
         <name>.text</name>
         <load_address>0x904c</load_address>
         <run_address>0x904c</run_address>
         <size>0x44</size>
         <input_file_ref idref="fl-178"/>
      </object_component>
      <object_component id="oc-ed">
         <name>.text:SSIConfigSetExpClk</name>
         <load_address>0x9090</load_address>
         <run_address>0x9090</run_address>
         <size>0x42</size>
         <input_file_ref idref="fl-180"/>
      </object_component>
      <object_component id="oc-2c4">
         <name>.text</name>
         <load_address>0x90d2</load_address>
         <run_address>0x90d2</run_address>
         <size>0x42</size>
         <input_file_ref idref="fl-162"/>
      </object_component>
      <object_component id="oc-53e">
         <name>.text</name>
         <load_address>0x9114</load_address>
         <run_address>0x9114</run_address>
         <size>0x40</size>
         <input_file_ref idref="fl-17d"/>
      </object_component>
      <object_component id="oc-194">
         <name>.text</name>
         <load_address>0x9154</load_address>
         <run_address>0x9154</run_address>
         <size>0x38</size>
         <input_file_ref idref="fl-157"/>
      </object_component>
      <object_component id="oc-de">
         <name>.text:SysCtlPeripheralEnable</name>
         <load_address>0x918c</load_address>
         <run_address>0x918c</run_address>
         <size>0x34</size>
         <input_file_ref idref="fl-17f"/>
      </object_component>
      <object_component id="oc-50a">
         <name>.text</name>
         <load_address>0x91c0</load_address>
         <run_address>0x91c0</run_address>
         <size>0x34</size>
         <input_file_ref idref="fl-17b"/>
      </object_component>
      <object_component id="oc-4b5">
         <name>.text</name>
         <load_address>0x91f4</load_address>
         <run_address>0x91f4</run_address>
         <size>0x30</size>
         <input_file_ref idref="fl-179"/>
      </object_component>
      <object_component id="oc-1fc">
         <name>.text:ADCIntStatus</name>
         <load_address>0x9224</load_address>
         <run_address>0x9224</run_address>
         <size>0x2e</size>
         <input_file_ref idref="fl-187"/>
      </object_component>
      <object_component id="oc-229">
         <name>.text</name>
         <load_address>0x9252</load_address>
         <run_address>0x9252</run_address>
         <size>0x2e</size>
         <input_file_ref idref="fl-158"/>
      </object_component>
      <object_component id="oc-52c">
         <name>.text</name>
         <load_address>0x9280</load_address>
         <run_address>0x9280</run_address>
         <size>0x2e</size>
         <input_file_ref idref="fl-17c"/>
      </object_component>
      <object_component id="oc-1e3">
         <name>.text:ADCSequenceConfigure</name>
         <load_address>0x92ae</load_address>
         <run_address>0x92ae</run_address>
         <size>0x2c</size>
         <input_file_ref idref="fl-187"/>
      </object_component>
      <object_component id="oc-289">
         <name>.text:GPIODirModeSet</name>
         <load_address>0x92da</load_address>
         <run_address>0x92da</run_address>
         <size>0x2a</size>
         <input_file_ref idref="fl-184"/>
      </object_component>
      <object_component id="oc-233">
         <name>.text:PWMGenConfigure</name>
         <load_address>0x9304</load_address>
         <run_address>0x9304</run_address>
         <size>0x22</size>
         <input_file_ref idref="fl-181"/>
      </object_component>
      <object_component id="oc-180">
         <name>.text</name>
         <load_address>0x9326</load_address>
         <run_address>0x9326</run_address>
         <size>0x20</size>
         <input_file_ref idref="fl-163"/>
      </object_component>
      <object_component id="oc-201">
         <name>.text:ADCSequenceDataGet</name>
         <load_address>0x9346</load_address>
         <run_address>0x9346</run_address>
         <size>0x1e</size>
         <input_file_ref idref="fl-187"/>
      </object_component>
      <object_component id="oc-23d">
         <name>.text:PWMPulseWidthSet</name>
         <load_address>0x9364</load_address>
         <run_address>0x9364</run_address>
         <size>0x1e</size>
         <input_file_ref idref="fl-181"/>
      </object_component>
      <object_component id="oc-334">
         <name>.text</name>
         <load_address>0x9382</load_address>
         <run_address>0x9382</run_address>
         <size>0x1c</size>
         <input_file_ref idref="fl-173"/>
      </object_component>
      <object_component id="oc-217">
         <name>.text</name>
         <load_address>0x939e</load_address>
         <run_address>0x939e</run_address>
         <size>0x1a</size>
         <input_file_ref idref="fl-15c"/>
      </object_component>
      <object_component id="oc-e3">
         <name>.text:GPIOPinTypeGPIOOutput</name>
         <load_address>0x93b8</load_address>
         <run_address>0x93b8</run_address>
         <size>0x18</size>
         <input_file_ref idref="fl-184"/>
      </object_component>
      <object_component id="oc-49">
         <name>.text</name>
         <load_address>0x93d0</load_address>
         <run_address>0x93d0</run_address>
         <size>0x18</size>
         <input_file_ref idref="fl-169"/>
      </object_component>
      <object_component id="oc-31a">
         <name>.text</name>
         <load_address>0x93e8</load_address>
         <run_address>0x93e8</run_address>
         <size>0x18</size>
         <input_file_ref idref="fl-171"/>
      </object_component>
      <object_component id="oc-1f7">
         <name>.text:ADCProcessorTrigger</name>
         <load_address>0x9400</load_address>
         <run_address>0x9400</run_address>
         <size>0x16</size>
         <input_file_ref idref="fl-187"/>
      </object_component>
      <object_component id="oc-2e9">
         <name>.text:I2CMasterErr</name>
         <load_address>0x9416</load_address>
         <run_address>0x9416</run_address>
         <size>0x16</size>
         <input_file_ref idref="fl-183"/>
      </object_component>
      <object_component id="oc-22e">
         <name>.text:SysCtlPWMClockSet</name>
         <load_address>0x942c</load_address>
         <run_address>0x942c</run_address>
         <size>0x14</size>
         <input_file_ref idref="fl-17f"/>
      </object_component>
      <object_component id="oc-110">
         <name>.text:TimerDisable</name>
         <load_address>0x9440</load_address>
         <run_address>0x9440</run_address>
         <size>0x14</size>
         <input_file_ref idref="fl-17e"/>
      </object_component>
      <object_component id="oc-30a">
         <name>.text</name>
         <load_address>0x9454</load_address>
         <run_address>0x9454</run_address>
         <size>0x14</size>
         <input_file_ref idref="fl-167"/>
      </object_component>
      <object_component id="oc-7e">
         <name>.text</name>
         <load_address>0x9468</load_address>
         <run_address>0x9468</run_address>
         <size>0x14</size>
         <input_file_ref idref="fl-160"/>
      </object_component>
      <object_component id="oc-1a7">
         <name>.text:GPIOPinTypeADC</name>
         <load_address>0x947c</load_address>
         <run_address>0x947c</run_address>
         <size>0x12</size>
         <input_file_ref idref="fl-184"/>
      </object_component>
      <object_component id="oc-1ac">
         <name>.text:GPIOPinTypeComparator</name>
         <load_address>0x948e</load_address>
         <run_address>0x948e</run_address>
         <size>0x12</size>
         <input_file_ref idref="fl-184"/>
      </object_component>
      <object_component id="oc-2f3">
         <name>.text:GPIOPinTypeGPIOInput</name>
         <load_address>0x94a0</load_address>
         <run_address>0x94a0</run_address>
         <size>0x12</size>
         <input_file_ref idref="fl-184"/>
      </object_component>
      <object_component id="oc-1bb">
         <name>.text:GPIOPinTypeI2C</name>
         <load_address>0x94b2</load_address>
         <run_address>0x94b2</run_address>
         <size>0x12</size>
         <input_file_ref idref="fl-184"/>
      </object_component>
      <object_component id="oc-1b6">
         <name>.text:GPIOPinTypeI2CSCL</name>
         <load_address>0x94c4</load_address>
         <run_address>0x94c4</run_address>
         <size>0x12</size>
         <input_file_ref idref="fl-184"/>
      </object_component>
      <object_component id="oc-1c0">
         <name>.text:GPIOPinTypePWM</name>
         <load_address>0x94d6</load_address>
         <run_address>0x94d6</run_address>
         <size>0x12</size>
         <input_file_ref idref="fl-184"/>
      </object_component>
      <object_component id="oc-1c5">
         <name>.text:GPIOPinTypeSSI</name>
         <load_address>0x94e8</load_address>
         <run_address>0x94e8</run_address>
         <size>0x12</size>
         <input_file_ref idref="fl-184"/>
      </object_component>
      <object_component id="oc-1ca">
         <name>.text:GPIOPinTypeUART</name>
         <load_address>0x94fa</load_address>
         <run_address>0x94fa</run_address>
         <size>0x12</size>
         <input_file_ref idref="fl-184"/>
      </object_component>
      <object_component id="oc-2e4">
         <name>.text:I2CMasterIntStatus</name>
         <load_address>0x950c</load_address>
         <run_address>0x950c</run_address>
         <size>0x12</size>
         <input_file_ref idref="fl-183"/>
      </object_component>
      <object_component id="oc-24c">
         <name>.text:PWMGenPeriodGet</name>
         <load_address>0x951e</load_address>
         <run_address>0x951e</run_address>
         <size>0x12</size>
         <input_file_ref idref="fl-181"/>
      </object_component>
      <object_component id="oc-247">
         <name>.text:PWMOutputState</name>
         <load_address>0x9530</load_address>
         <run_address>0x9530</run_address>
         <size>0x12</size>
         <input_file_ref idref="fl-181"/>
      </object_component>
      <object_component id="oc-29f">
         <name>.text:SSIDataGetNonBlocking</name>
         <load_address>0x9542</load_address>
         <run_address>0x9542</run_address>
         <size>0x12</size>
         <input_file_ref idref="fl-180"/>
      </object_component>
      <object_component id="oc-fc">
         <name>.text:TimerControlEvent</name>
         <load_address>0x9554</load_address>
         <run_address>0x9554</run_address>
         <size>0x12</size>
         <input_file_ref idref="fl-17e"/>
      </object_component>
      <object_component id="oc-101">
         <name>.text:TimerLoadSet</name>
         <load_address>0x9566</load_address>
         <run_address>0x9566</run_address>
         <size>0x12</size>
         <input_file_ref idref="fl-17e"/>
      </object_component>
      <object_component id="oc-19">
         <name>.text:decompress:ZI</name>
         <load_address>0x9578</load_address>
         <run_address>0x9578</run_address>
         <size>0x12</size>
         <input_file_ref idref="fl-150"/>
      </object_component>
      <object_component id="oc-32f">
         <name>.text</name>
         <load_address>0x958a</load_address>
         <run_address>0x958a</run_address>
         <size>0x12</size>
         <input_file_ref idref="fl-175"/>
      </object_component>
      <object_component id="oc-238">
         <name>.text:PWMGenPeriodSet</name>
         <load_address>0x959c</load_address>
         <run_address>0x959c</run_address>
         <size>0x10</size>
         <input_file_ref idref="fl-181"/>
      </object_component>
      <object_component id="oc-1ed">
         <name>.text:ADCSequenceEnable</name>
         <load_address>0x95ac</load_address>
         <run_address>0x95ac</run_address>
         <size>0xe</size>
         <input_file_ref idref="fl-187"/>
      </object_component>
      <object_component id="oc-c9">
         <name>.text:GPIOIntStatus</name>
         <load_address>0x95ba</load_address>
         <run_address>0x95ba</run_address>
         <size>0xe</size>
         <input_file_ref idref="fl-184"/>
      </object_component>
      <object_component id="oc-12c">
         <name>.text:TimerEnable</name>
         <load_address>0x95c8</load_address>
         <run_address>0x95c8</run_address>
         <size>0xe</size>
         <input_file_ref idref="fl-17e"/>
      </object_component>
      <object_component id="oc-14">
         <name>.text:decompress:none</name>
         <load_address>0x95d6</load_address>
         <run_address>0x95d6</run_address>
         <size>0xe</size>
         <input_file_ref idref="fl-14e"/>
      </object_component>
      <object_component id="oc-210">
         <name>.text:ComparatorValueGet</name>
         <load_address>0x95e4</load_address>
         <run_address>0x95e4</run_address>
         <size>0xc</size>
         <input_file_ref idref="fl-186"/>
      </object_component>
      <object_component id="oc-c4">
         <name>.text:GPIOIntEnable</name>
         <load_address>0x95f0</load_address>
         <run_address>0x95f0</run_address>
         <size>0xc</size>
         <input_file_ref idref="fl-184"/>
      </object_component>
      <object_component id="oc-242">
         <name>.text:PWMGenEnable</name>
         <load_address>0x95fc</load_address>
         <run_address>0x95fc</run_address>
         <size>0xc</size>
         <input_file_ref idref="fl-181"/>
      </object_component>
      <object_component id="oc-370">
         <name>.text:SSIDataGet</name>
         <load_address>0x9608</load_address>
         <run_address>0x9608</run_address>
         <size>0xc</size>
         <input_file_ref idref="fl-180"/>
      </object_component>
      <object_component id="oc-24">
         <name>.text</name>
         <load_address>0x9614</load_address>
         <run_address>0x9614</run_address>
         <size>0xc</size>
         <input_file_ref idref="fl-5"/>
      </object_component>
      <object_component id="oc-1f2">
         <name>.text:ADCIntClear</name>
         <load_address>0x9620</load_address>
         <run_address>0x9620</run_address>
         <size>0xa</size>
         <input_file_ref idref="fl-187"/>
      </object_component>
      <object_component id="oc-3a7">
         <name>.text:I2CMasterEnable</name>
         <load_address>0x962a</load_address>
         <run_address>0x962a</run_address>
         <size>0xa</size>
         <input_file_ref idref="fl-183"/>
      </object_component>
      <object_component id="oc-2a4">
         <name>.text:SSIDataPut</name>
         <load_address>0x9634</load_address>
         <run_address>0x9634</run_address>
         <size>0xa</size>
         <input_file_ref idref="fl-180"/>
      </object_component>
      <object_component id="oc-f2">
         <name>.text:SSIEnable</name>
         <load_address>0x963e</load_address>
         <run_address>0x963e</run_address>
         <size>0xa</size>
         <input_file_ref idref="fl-180"/>
      </object_component>
      <object_component id="oc-20b">
         <name>.text:ComparatorConfigure</name>
         <load_address>0x9648</load_address>
         <run_address>0x9648</run_address>
         <size>0x8</size>
         <input_file_ref idref="fl-186"/>
      </object_component>
      <object_component id="oc-2ee">
         <name>.text:I2CMasterIntClear</name>
         <load_address>0x9650</load_address>
         <run_address>0x9650</run_address>
         <size>0x8</size>
         <input_file_ref idref="fl-183"/>
      </object_component>
      <object_component id="oc-2d5">
         <name>.text:I2CMasterSlaveAddrSet</name>
         <load_address>0x9658</load_address>
         <run_address>0x9658</run_address>
         <size>0x8</size>
         <input_file_ref idref="fl-183"/>
      </object_component>
      <object_component id="oc-375">
         <name>.text:SSIBusy</name>
         <load_address>0x9660</load_address>
         <run_address>0x9660</run_address>
         <size>0x8</size>
         <input_file_ref idref="fl-180"/>
      </object_component>
      <object_component id="oc-106">
         <name>.text:TimerIntEnable</name>
         <load_address>0x9668</load_address>
         <run_address>0x9668</run_address>
         <size>0x8</size>
         <input_file_ref idref="fl-17e"/>
      </object_component>
      <object_component id="oc-ce">
         <name>.text:GPIOIntClear</name>
         <load_address>0x9670</load_address>
         <run_address>0x9670</run_address>
         <size>0x6</size>
         <input_file_ref idref="fl-184"/>
      </object_component>
      <object_component id="oc-d3">
         <name>.text:GPIOPinRead</name>
         <load_address>0x9676</load_address>
         <run_address>0x9676</run_address>
         <size>0x6</size>
         <input_file_ref idref="fl-184"/>
      </object_component>
      <object_component id="oc-e8">
         <name>.text:GPIOPinWrite</name>
         <load_address>0x967c</load_address>
         <run_address>0x967c</run_address>
         <size>0x6</size>
         <input_file_ref idref="fl-184"/>
      </object_component>
      <object_component id="oc-88">
         <name>.text:SysCtlDelay</name>
         <load_address>0x9682</load_address>
         <run_address>0x9682</run_address>
         <size>0x6</size>
         <input_file_ref idref="fl-17f"/>
      </object_component>
      <object_component id="oc-1e">
         <name>.text:decompress:rle24</name>
         <load_address>0x9688</load_address>
         <run_address>0x9688</run_address>
         <size>0x6</size>
         <input_file_ref idref="fl-14f"/>
      </object_component>
      <object_component id="oc-206">
         <name>.text:ComparatorRefSet</name>
         <load_address>0x968e</load_address>
         <run_address>0x968e</run_address>
         <size>0x4</size>
         <input_file_ref idref="fl-186"/>
      </object_component>
      <object_component id="oc-2df">
         <name>.text:I2CMasterControl</name>
         <load_address>0x9692</load_address>
         <run_address>0x9692</run_address>
         <size>0x4</size>
         <input_file_ref idref="fl-183"/>
      </object_component>
      <object_component id="oc-3ac">
         <name>.text:I2CMasterDataGet</name>
         <load_address>0x9696</load_address>
         <run_address>0x9696</run_address>
         <size>0x4</size>
         <input_file_ref idref="fl-183"/>
      </object_component>
      <object_component id="oc-2da">
         <name>.text:I2CMasterDataPut</name>
         <load_address>0x969a</load_address>
         <run_address>0x969a</run_address>
         <size>0x4</size>
         <input_file_ref idref="fl-183"/>
      </object_component>
      <object_component id="oc-11a">
         <name>.text:TimerIntClear</name>
         <load_address>0x969e</load_address>
         <run_address>0x969e</run_address>
         <size>0x4</size>
         <input_file_ref idref="fl-17e"/>
      </object_component>
      <object_component id="oc-498">
         <name>.const:.string:_ctypes_</name>
         <load_address>0x96a8</load_address>
         <run_address>0x96a8</run_address>
         <size>0x102</size>
         <input_file_ref idref="fl-16d"/>
      </object_component>
      <object_component id="oc-368">
         <name>.const:g_pui32GPIOBaseAddrs</name>
         <load_address>0x97ac</load_address>
         <run_address>0x97ac</run_address>
         <size>0x90</size>
         <input_file_ref idref="fl-184"/>
      </object_component>
      <object_component id="oc-4c1">
         <name>.const</name>
         <load_address>0x9840</load_address>
         <run_address>0x9840</run_address>
         <size>0x80</size>
         <input_file_ref idref="fl-165"/>
      </object_component>
      <object_component id="oc-298">
         <name>.const</name>
         <load_address>0x98c0</load_address>
         <run_address>0x98c0</run_address>
         <size>0x70</size>
         <input_file_ref idref="fl-182"/>
      </object_component>
      <object_component id="oc-178">
         <name>.const:g_pui32Xtals</name>
         <load_address>0x9930</load_address>
         <run_address>0x9930</run_address>
         <size>0x6c</size>
         <input_file_ref idref="fl-17f"/>
      </object_component>
      <object_component id="oc-2c8">
         <name>.const</name>
         <load_address>0x999c</load_address>
         <run_address>0x999c</run_address>
         <size>0x4c</size>
         <input_file_ref idref="fl-2"/>
      </object_component>
      <object_component id="oc-471">
         <name>.const:.string</name>
         <load_address>0x99e8</load_address>
         <run_address>0x99e8</run_address>
         <size>0x2e</size>
         <input_file_ref idref="fl-2"/>
      </object_component>
      <object_component id="oc-2fa">
         <name>.const:.string</name>
         <load_address>0x9a16</load_address>
         <run_address>0x9a16</run_address>
         <size>0xd</size>
         <input_file_ref idref="fl-6"/>
      </object_component>
      <object_component id="oc-198">
         <name>.const:.string</name>
         <load_address>0x9a23</load_address>
         <run_address>0x9a23</run_address>
         <size>0x5</size>
         <input_file_ref idref="fl-1a"/>
      </object_component>
      <object_component id="oc-580">
         <name>.cinit..data.load</name>
         <load_address>0x9a28</load_address>
         <run_address>0x9a28</run_address>
         <size>0x6c1</size>
      </object_component>
      <object_component id="oc-57e">
         <name>__TI_handler_table</name>
         <load_address>0xa0ec</load_address>
         <run_address>0xa0ec</run_address>
         <size>0xc</size>
      </object_component>
      <object_component id="oc-581">
         <name>.cinit..bss.load</name>
         <load_address>0xa0f8</load_address>
         <run_address>0xa0f8</run_address>
         <size>0x8</size>
      </object_component>
      <object_component id="oc-57f">
         <name>__TI_cinit_table</name>
         <load_address>0xa100</load_address>
         <run_address>0xa100</run_address>
         <size>0x10</size>
      </object_component>
      <object_component id="oc-53">
         <name>.data</name>
         <load_address>0x200009bc</load_address>
         <run_address>0x200009bc</run_address>
         <size>0x4</size>
         <input_file_ref idref="fl-15e"/>
      </object_component>
      <object_component id="oc-b1">
         <name>.data</name>
         <load_address>0x200009b0</load_address>
         <run_address>0x200009b0</run_address>
         <size>0x4</size>
         <input_file_ref idref="fl-12"/>
      </object_component>
      <object_component id="oc-126">
         <name>.data:dac_buffer</name>
         <load_address>0x200007f0</load_address>
         <run_address>0x200007f0</run_address>
         <size>0x84</size>
         <input_file_ref idref="fl-1f"/>
      </object_component>
      <object_component id="oc-128">
         <name>.data</name>
         <load_address>0x20000874</load_address>
         <run_address>0x20000874</run_address>
         <size>0x4</size>
         <input_file_ref idref="fl-1f"/>
      </object_component>
      <object_component id="oc-154">
         <name>.data</name>
         <load_address>0x20000998</load_address>
         <run_address>0x20000998</run_address>
         <size>0x8</size>
         <input_file_ref idref="fl-167"/>
      </object_component>
      <object_component id="oc-156">
         <name>.data</name>
         <load_address>0x200009a0</load_address>
         <run_address>0x200009a0</run_address>
         <size>0x8</size>
         <input_file_ref idref="fl-151"/>
      </object_component>
      <object_component id="oc-19a">
         <name>.data</name>
         <load_address>0x200009c6</load_address>
         <run_address>0x200009c6</run_address>
         <size>0x1</size>
         <input_file_ref idref="fl-1a"/>
      </object_component>
      <object_component id="oc-19f">
         <name>.data:dy_app</name>
         <load_address>0x20000600</load_address>
         <run_address>0x20000600</run_address>
         <size>0x140</size>
         <input_file_ref idref="fl-1a"/>
      </object_component>
      <object_component id="oc-1da">
         <name>.data</name>
         <load_address>0x200009c0</load_address>
         <run_address>0x200009c0</run_address>
         <size>0x2</size>
         <input_file_ref idref="fl-13"/>
      </object_component>
      <object_component id="oc-220">
         <name>.data</name>
         <load_address>0x20000958</load_address>
         <run_address>0x20000958</run_address>
         <size>0x40</size>
         <input_file_ref idref="fl-17"/>
      </object_component>
      <object_component id="oc-251">
         <name>.data</name>
         <load_address>0x200009b4</load_address>
         <run_address>0x200009b4</run_address>
         <size>0x4</size>
         <input_file_ref idref="fl-f"/>
      </object_component>
      <object_component id="oc-2b7">
         <name>.data</name>
         <load_address>0x200009c2</load_address>
         <run_address>0x200009c2</run_address>
         <size>0x2</size>
         <input_file_ref idref="fl-8"/>
      </object_component>
      <object_component id="oc-2f8">
         <name>.data</name>
         <load_address>0x200009c4</load_address>
         <run_address>0x200009c4</run_address>
         <size>0x2</size>
         <input_file_ref idref="fl-6"/>
      </object_component>
      <object_component id="oc-37a">
         <name>.data</name>
         <load_address>0x200009c7</load_address>
         <run_address>0x200009c7</run_address>
         <size>0x1</size>
         <input_file_ref idref="fl-3"/>
      </object_component>
      <object_component id="oc-37c">
         <name>.data:FixedSys_Font</name>
         <load_address>0x20000000</load_address>
         <run_address>0x20000000</run_address>
         <size>0x600</size>
         <input_file_ref idref="fl-3"/>
      </object_component>
      <object_component id="oc-380">
         <name>.data:fontSize</name>
         <load_address>0x200008f8</load_address>
         <run_address>0x200008f8</run_address>
         <size>0x60</size>
         <input_file_ref idref="fl-1e"/>
      </object_component>
      <object_component id="oc-4bf">
         <name>.data</name>
         <load_address>0x20000878</load_address>
         <run_address>0x20000878</run_address>
         <size>0x80</size>
         <input_file_ref idref="fl-166"/>
      </object_component>
      <object_component id="oc-50f">
         <name>.data</name>
         <load_address>0x200009b8</load_address>
         <run_address>0x200009b8</run_address>
         <size>0x4</size>
         <input_file_ref idref="fl-17a"/>
      </object_component>
      <object_component id="oc-531">
         <name>.data</name>
         <load_address>0x200009a8</load_address>
         <run_address>0x200009a8</run_address>
         <size>0x8</size>
         <input_file_ref idref="fl-17b"/>
      </object_component>
      <object_component id="oc-551">
         <name>.data:sigtable</name>
         <load_address>0x20000740</load_address>
         <run_address>0x20000740</run_address>
         <size>0xb0</size>
         <input_file_ref idref="fl-17d"/>
      </object_component>
      <object_component id="oc-142">
         <name>.bss:fs</name>
         <uninitialized>true</uninitialized>
         <run_address>0x200009c8</run_address>
         <size>0x834</size>
         <input_file_ref idref="fl-18"/>
      </object_component>
      <object_component id="oc-2ce">
         <name>.common:FatFs</name>
         <uninitialized>true</uninitialized>
         <run_address>0x200011fc</run_address>
         <size>0x20</size>
      </object_component>
      <object_component id="oc-2cb">
         <name>.common:Fsid</name>
         <uninitialized>true</uninitialized>
         <run_address>0x2000122c</run_address>
         <size>0x2</size>
      </object_component>
      <object_component id="oc-2cd">
         <name>.common:CurrVol</name>
         <uninitialized>true</uninitialized>
         <run_address>0x2000122f</run_address>
         <size>0x1</size>
      </object_component>
      <object_component id="oc-2bc">
         <name>.common:Timer1</name>
         <uninitialized>true</uninitialized>
         <run_address>0x20001230</run_address>
         <size>0x1</size>
      </object_component>
      <object_component id="oc-2bd">
         <name>.common:Timer2</name>
         <uninitialized>true</uninitialized>
         <run_address>0x20001231</run_address>
         <size>0x1</size>
      </object_component>
      <object_component id="oc-2ba">
         <name>.common:CardType</name>
         <uninitialized>true</uninitialized>
         <run_address>0x2000122e</run_address>
         <size>0x1</size>
      </object_component>
      <object_component id="oc-db">
         <name>.common:uart_int_handler</name>
         <uninitialized>true</uninitialized>
         <run_address>0x20001228</run_address>
         <size>0x4</size>
      </object_component>
      <object_component id="oc-253">
         <name>.common:app_main_tirtos</name>
         <uninitialized>true</uninitialized>
         <run_address>0x2000121c</run_address>
         <size>0x4</size>
      </object_component>
      <object_component id="oc-d8">
         <name>.common:gpio_int_handler</name>
         <uninitialized>true</uninitialized>
         <run_address>0x20001220</run_address>
         <size>0x4</size>
      </object_component>
      <object_component id="oc-140">
         <name>.common:file_result</name>
         <uninitialized>true</uninitialized>
         <run_address>0x20001233</run_address>
         <size>0x1</size>
      </object_component>
      <object_component id="oc-19e">
         <name>.common:last_key_down_tick$3</name>
         <uninitialized>true</uninitialized>
         <run_address>0x20001224</run_address>
         <size>0x4</size>
      </object_component>
      <object_component id="oc-19d">
         <name>.common:current_state</name>
         <uninitialized>true</uninitialized>
         <run_address>0x20001232</run_address>
         <size>0x1</size>
      </object_component>
      <object_component id="oc-23">
         <name>.stack</name>
         <uninitialized>true</uninitialized>
         <run_address>0x20001234</run_address>
         <size>0x0</size>
         <input_file_ref idref="fl-14d"/>
      </object_component>
      <object_component id="oc-582">
         <name>.stack</name>
         <uninitialized>true</uninitialized>
         <run_address>0x20001234</run_address>
         <size>0x0</size>
      </object_component>
      <object_component id="oc-f">
         <name>.debug_info</name>
         <load_address>0x0</load_address>
         <run_address>0x0</run_address>
         <size>0xf6</size>
         <input_file_ref idref="fl-5"/>
      </object_component>
      <object_component id="oc-13">
         <name>.debug_info</name>
         <load_address>0xf6</load_address>
         <run_address>0xf6</run_address>
         <size>0xf3</size>
         <input_file_ref idref="fl-14d"/>
      </object_component>
      <object_component id="oc-18">
         <name>.debug_info</name>
         <load_address>0x1e9</load_address>
         <run_address>0x1e9</run_address>
         <size>0x194</size>
         <input_file_ref idref="fl-14e"/>
      </object_component>
      <object_component id="oc-1a">
         <name>.debug_info</name>
         <load_address>0x37d</load_address>
         <run_address>0x37d</run_address>
         <size>0x16a</size>
         <input_file_ref idref="fl-150"/>
      </object_component>
      <object_component id="oc-21">
         <name>.debug_info</name>
         <load_address>0x4e7</load_address>
         <run_address>0x4e7</run_address>
         <size>0x18e</size>
         <input_file_ref idref="fl-14f"/>
      </object_component>
      <object_component id="oc-25">
         <name>.debug_info</name>
         <load_address>0x675</load_address>
         <run_address>0x675</run_address>
         <size>0x275</size>
         <input_file_ref idref="fl-5"/>
      </object_component>
      <object_component id="oc-2a">
         <name>.debug_info</name>
         <load_address>0x8ea</load_address>
         <run_address>0x8ea</run_address>
         <size>0x572</size>
         <input_file_ref idref="fl-12"/>
      </object_component>
      <object_component id="oc-2f">
         <name>.debug_info</name>
         <load_address>0xe5c</load_address>
         <run_address>0xe5c</run_address>
         <size>0x709</size>
         <input_file_ref idref="fl-15"/>
      </object_component>
      <object_component id="oc-34">
         <name>.debug_info</name>
         <load_address>0x1565</load_address>
         <run_address>0x1565</run_address>
         <size>0x3f8</size>
         <input_file_ref idref="fl-c"/>
      </object_component>
      <object_component id="oc-39">
         <name>.debug_info</name>
         <load_address>0x195d</load_address>
         <run_address>0x195d</run_address>
         <size>0x4bd</size>
         <input_file_ref idref="fl-1f"/>
      </object_component>
      <object_component id="oc-3e">
         <name>.debug_info</name>
         <load_address>0x1e1a</load_address>
         <run_address>0x1e1a</run_address>
         <size>0x525</size>
         <input_file_ref idref="fl-18"/>
      </object_component>
      <object_component id="oc-44">
         <name>.debug_info</name>
         <load_address>0x233f</load_address>
         <run_address>0x233f</run_address>
         <size>0x227</size>
         <input_file_ref idref="fl-5"/>
      </object_component>
      <object_component id="oc-47">
         <name>.debug_info</name>
         <load_address>0x2566</load_address>
         <run_address>0x2566</run_address>
         <size>0x13d</size>
         <input_file_ref idref="fl-16b"/>
      </object_component>
      <object_component id="oc-4a">
         <name>.debug_info</name>
         <load_address>0x26a3</load_address>
         <run_address>0x26a3</run_address>
         <size>0x11c</size>
         <input_file_ref idref="fl-169"/>
      </object_component>
      <object_component id="oc-50">
         <name>.debug_info</name>
         <load_address>0x27bf</load_address>
         <run_address>0x27bf</run_address>
         <size>0x1c2</size>
         <input_file_ref idref="fl-151"/>
      </object_component>
      <object_component id="oc-54">
         <name>.debug_info</name>
         <load_address>0x2981</load_address>
         <run_address>0x2981</run_address>
         <size>0xbe</size>
         <input_file_ref idref="fl-15e"/>
      </object_component>
      <object_component id="oc-58">
         <name>.debug_info</name>
         <load_address>0x2a3f</load_address>
         <run_address>0x2a3f</run_address>
         <size>0xcc</size>
         <input_file_ref idref="fl-15a"/>
      </object_component>
      <object_component id="oc-5b">
         <name>.debug_info</name>
         <load_address>0x2b0b</load_address>
         <run_address>0x2b0b</run_address>
         <size>0x46</size>
         <input_file_ref idref="fl-14e"/>
      </object_component>
      <object_component id="oc-60">
         <name>.debug_info</name>
         <load_address>0x2b51</load_address>
         <run_address>0x2b51</run_address>
         <size>0xf2</size>
         <input_file_ref idref="fl-14e"/>
      </object_component>
      <object_component id="oc-62">
         <name>.debug_info</name>
         <load_address>0x2c43</load_address>
         <run_address>0x2c43</run_address>
         <size>0x46</size>
         <input_file_ref idref="fl-150"/>
      </object_component>
      <object_component id="oc-67">
         <name>.debug_info</name>
         <load_address>0x2c89</load_address>
         <run_address>0x2c89</run_address>
         <size>0xad</size>
         <input_file_ref idref="fl-150"/>
      </object_component>
      <object_component id="oc-6c">
         <name>.debug_info</name>
         <load_address>0x2d36</load_address>
         <run_address>0x2d36</run_address>
         <size>0x1ef</size>
         <input_file_ref idref="fl-14f"/>
      </object_component>
      <object_component id="oc-6e">
         <name>.debug_info</name>
         <load_address>0x2f25</load_address>
         <run_address>0x2f25</run_address>
         <size>0xb7</size>
         <input_file_ref idref="fl-14f"/>
      </object_component>
      <object_component id="oc-6f">
         <name>.debug_info</name>
         <load_address>0x2fdc</load_address>
         <run_address>0x2fdc</run_address>
         <size>0x39</size>
         <input_file_ref idref="fl-14f"/>
      </object_component>
      <object_component id="oc-76">
         <name>.debug_info</name>
         <load_address>0x3015</load_address>
         <run_address>0x3015</run_address>
         <size>0xfc</size>
         <input_file_ref idref="fl-15b"/>
      </object_component>
      <object_component id="oc-7a">
         <name>.debug_info</name>
         <load_address>0x3111</load_address>
         <run_address>0x3111</run_address>
         <size>0x2e2</size>
         <input_file_ref idref="fl-164"/>
      </object_component>
      <object_component id="oc-7f">
         <name>.debug_info</name>
         <load_address>0x33f3</load_address>
         <run_address>0x33f3</run_address>
         <size>0x153</size>
         <input_file_ref idref="fl-160"/>
      </object_component>
      <object_component id="oc-84">
         <name>.debug_info</name>
         <load_address>0x3546</load_address>
         <run_address>0x3546</run_address>
         <size>0x202</size>
         <input_file_ref idref="fl-17f"/>
      </object_component>
      <object_component id="oc-8a">
         <name>.debug_info</name>
         <load_address>0x3748</load_address>
         <run_address>0x3748</run_address>
         <size>0xc95</size>
         <input_file_ref idref="fl-1a"/>
      </object_component>
      <object_component id="oc-8f">
         <name>.debug_info</name>
         <load_address>0x43dd</load_address>
         <run_address>0x43dd</run_address>
         <size>0x62a</size>
         <input_file_ref idref="fl-11"/>
      </object_component>
      <object_component id="oc-94">
         <name>.debug_info</name>
         <load_address>0x4a07</load_address>
         <run_address>0x4a07</run_address>
         <size>0x5ca</size>
         <input_file_ref idref="fl-13"/>
      </object_component>
      <object_component id="oc-99">
         <name>.debug_info</name>
         <load_address>0x4fd1</load_address>
         <run_address>0x4fd1</run_address>
         <size>0x382</size>
         <input_file_ref idref="fl-1b"/>
      </object_component>
      <object_component id="oc-9e">
         <name>.debug_info</name>
         <load_address>0x5353</load_address>
         <run_address>0x5353</run_address>
         <size>0x5a4</size>
         <input_file_ref idref="fl-17"/>
      </object_component>
      <object_component id="oc-a3">
         <name>.debug_info</name>
         <load_address>0x58f7</load_address>
         <run_address>0x58f7</run_address>
         <size>0x22e</size>
         <input_file_ref idref="fl-e"/>
      </object_component>
      <object_component id="oc-a8">
         <name>.debug_info</name>
         <load_address>0x5b25</load_address>
         <run_address>0x5b25</run_address>
         <size>0x541</size>
         <input_file_ref idref="fl-f"/>
      </object_component>
      <object_component id="oc-ad">
         <name>.debug_info</name>
         <load_address>0x6066</load_address>
         <run_address>0x6066</run_address>
         <size>0x2a4</size>
         <input_file_ref idref="fl-d"/>
      </object_component>
      <object_component id="oc-b2">
         <name>.debug_info</name>
         <load_address>0x630a</load_address>
         <run_address>0x630a</run_address>
         <size>0xe9</size>
         <input_file_ref idref="fl-12"/>
      </object_component>
      <object_component id="oc-b4">
         <name>.debug_info</name>
         <load_address>0x63f3</load_address>
         <run_address>0x63f3</run_address>
         <size>0x3c7</size>
         <input_file_ref idref="fl-12"/>
      </object_component>
      <object_component id="oc-b5">
         <name>.debug_info</name>
         <load_address>0x67ba</load_address>
         <run_address>0x67ba</run_address>
         <size>0x4e</size>
         <input_file_ref idref="fl-2"/>
      </object_component>
      <object_component id="oc-ba">
         <name>.debug_info</name>
         <load_address>0x6808</load_address>
         <run_address>0x6808</run_address>
         <size>0x18b</size>
         <input_file_ref idref="fl-3"/>
      </object_component>
      <object_component id="oc-bf">
         <name>.debug_info</name>
         <load_address>0x6993</load_address>
         <run_address>0x6993</run_address>
         <size>0x84</size>
         <input_file_ref idref="fl-2"/>
      </object_component>
      <object_component id="oc-c5">
         <name>.debug_info</name>
         <load_address>0x6a17</load_address>
         <run_address>0x6a17</run_address>
         <size>0x1f3</size>
         <input_file_ref idref="fl-184"/>
      </object_component>
      <object_component id="oc-ca">
         <name>.debug_info</name>
         <load_address>0x6c0a</load_address>
         <run_address>0x6c0a</run_address>
         <size>0x1e3</size>
         <input_file_ref idref="fl-184"/>
      </object_component>
      <object_component id="oc-cf">
         <name>.debug_info</name>
         <load_address>0x6ded</load_address>
         <run_address>0x6ded</run_address>
         <size>0x1f1</size>
         <input_file_ref idref="fl-184"/>
      </object_component>
      <object_component id="oc-d4">
         <name>.debug_info</name>
         <load_address>0x6fde</load_address>
         <run_address>0x6fde</run_address>
         <size>0x1df</size>
         <input_file_ref idref="fl-184"/>
      </object_component>
      <object_component id="oc-d9">
         <name>.debug_info</name>
         <load_address>0x71bd</load_address>
         <run_address>0x71bd</run_address>
         <size>0x241</size>
         <input_file_ref idref="fl-15"/>
      </object_component>
      <object_component id="oc-dc">
         <name>.debug_info</name>
         <load_address>0x73fe</load_address>
         <run_address>0x73fe</run_address>
         <size>0x115</size>
         <input_file_ref idref="fl-c"/>
      </object_component>
      <object_component id="oc-df">
         <name>.debug_info</name>
         <load_address>0x7513</load_address>
         <run_address>0x7513</run_address>
         <size>0x1e1</size>
         <input_file_ref idref="fl-17f"/>
      </object_component>
      <object_component id="oc-e4">
         <name>.debug_info</name>
         <load_address>0x76f4</load_address>
         <run_address>0x76f4</run_address>
         <size>0x1eb</size>
         <input_file_ref idref="fl-184"/>
      </object_component>
      <object_component id="oc-e9">
         <name>.debug_info</name>
         <load_address>0x78df</load_address>
         <run_address>0x78df</run_address>
         <size>0x207</size>
         <input_file_ref idref="fl-184"/>
      </object_component>
      <object_component id="oc-ee">
         <name>.debug_info</name>
         <load_address>0x7ae6</load_address>
         <run_address>0x7ae6</run_address>
         <size>0x3c2</size>
         <input_file_ref idref="fl-180"/>
      </object_component>
      <object_component id="oc-f3">
         <name>.debug_info</name>
         <load_address>0x7ea8</load_address>
         <run_address>0x7ea8</run_address>
         <size>0x1a6</size>
         <input_file_ref idref="fl-180"/>
      </object_component>
      <object_component id="oc-f8">
         <name>.debug_info</name>
         <load_address>0x804e</load_address>
         <run_address>0x804e</run_address>
         <size>0x1f0</size>
         <input_file_ref idref="fl-17e"/>
      </object_component>
      <object_component id="oc-fd">
         <name>.debug_info</name>
         <load_address>0x823e</load_address>
         <run_address>0x823e</run_address>
         <size>0x228</size>
         <input_file_ref idref="fl-17e"/>
      </object_component>
      <object_component id="oc-102">
         <name>.debug_info</name>
         <load_address>0x8466</load_address>
         <run_address>0x8466</run_address>
         <size>0x21e</size>
         <input_file_ref idref="fl-17e"/>
      </object_component>
      <object_component id="oc-107">
         <name>.debug_info</name>
         <load_address>0x8684</load_address>
         <run_address>0x8684</run_address>
         <size>0x1f8</size>
         <input_file_ref idref="fl-17e"/>
      </object_component>
      <object_component id="oc-10c">
         <name>.debug_info</name>
         <load_address>0x887c</load_address>
         <run_address>0x887c</run_address>
         <size>0x1cc</size>
         <input_file_ref idref="fl-182"/>
      </object_component>
      <object_component id="oc-111">
         <name>.debug_info</name>
         <load_address>0x8a48</load_address>
         <run_address>0x8a48</run_address>
         <size>0x1e5</size>
         <input_file_ref idref="fl-17e"/>
      </object_component>
      <object_component id="oc-116">
         <name>.debug_info</name>
         <load_address>0x8c2d</load_address>
         <run_address>0x8c2d</run_address>
         <size>0x1ce</size>
         <input_file_ref idref="fl-182"/>
[...]
         <value>0x86dd</value>
         <object_component_ref idref="oc-56"/>
      </symbol>
      <symbol id="sm-952">
         <name>__aeabi_memcpy4</name>
         <value>0x86dd</value>
         <object_component_ref idref="oc-56"/>
      </symbol>
      <symbol id="sm-960">
         <name>__aeabi_memset</name>
         <value>0x8aaf</value>
         <object_component_ref idref="oc-75"/>
      </symbol>
      <symbol id="sm-961">
         <name>memset</name>
         <value>0x8ab5</value>
         <object_component_ref idref="oc-75"/>
      </symbol>
      <symbol id="sm-962">
         <name>__aeabi_memset8</name>
         <value>0x8aaf</value>
         <object_component_ref idref="oc-75"/>
      </symbol>
      <symbol id="sm-963">
         <name>__aeabi_memset4</name>
         <value>0x8aaf</value>
         <object_component_ref idref="oc-75"/>
      </symbol>
      <symbol id="sm-964">
         <name>__aeabi_memclr8</name>
         <value>0x8aad</value>
         <object_component_ref idref="oc-75"/>
      </symbol>
      <symbol id="sm-965">
         <name>__aeabi_memclr4</name>
         <value>0x8aad</value>
         <object_component_ref idref="oc-75"/>
      </symbol>
      <symbol id="sm-966">
         <name>__aeabi_memclr</name>
         <value>0x8aad</value>
         <object_component_ref idref="oc-75"/>
      </symbol>
      <symbol id="sm-972">
         <name>sin</name>
         <value>0x939f</value>
         <object_component_ref idref="oc-217"/>
      </symbol>
      <symbol id="sm-97f">
         <name>main_func_sp</name>
         <value>0x200009bc</value>
         <object_component_ref idref="oc-53"/>
      </symbol>
      <symbol id="sm-98d">
         <name>strlen</name>
         <value>0x9469</value>
         <object_component_ref idref="oc-7e"/>
      </symbol>
      <symbol id="sm-99d">
         <name>__aeabi_uidivmod</name>
         <value>0x90d3</value>
         <object_component_ref idref="oc-2c4"/>
      </symbol>
      <symbol id="sm-9a6">
         <name>__aeabi_ui2d</name>
         <value>0x9327</value>
         <object_component_ref idref="oc-180"/>
      </symbol>
      <symbol id="sm-9b9">
         <name>vsprintf</name>
         <value>0x8f39</value>
         <object_component_ref idref="oc-79"/>
      </symbol>
      <symbol id="sm-9ef">
         <name>_Sin</name>
         <value>0x69a1</value>
         <object_component_ref idref="oc-39b"/>
      </symbol>
      <symbol id="sm-9fe">
         <name>_Rteps</name>
         <value>0x200008d8</value>
         <object_component_ref idref="oc-4bf"/>
      </symbol>
      <symbol id="sm-9ff">
         <name>_Zero</name>
         <value>0x200008f0</value>
         <object_component_ref idref="oc-4bf"/>
      </symbol>
      <symbol id="sm-a00">
         <name>_Hugeval</name>
         <value>0x20000898</value>
         <object_component_ref idref="oc-4bf"/>
      </symbol>
      <symbol id="sm-a01">
         <name>_Snan</name>
         <value>0x200008c8</value>
         <object_component_ref idref="oc-4bf"/>
      </symbol>
      <symbol id="sm-a02">
         <name>_Nan</name>
         <value>0x200008b8</value>
         <object_component_ref idref="oc-4bf"/>
      </symbol>
      <symbol id="sm-a03">
         <name>_Inf</name>
         <value>0x200008a8</value>
         <object_component_ref idref="oc-4bf"/>
      </symbol>
      <symbol id="sm-a04">
         <name>_Xbig</name>
         <value>0x200008e8</value>
         <object_component_ref idref="oc-4bf"/>
      </symbol>
      <symbol id="sm-a05">
         <name>_Eps</name>
         <value>0x20000888</value>
         <object_component_ref idref="oc-4bf"/>
      </symbol>
      <symbol id="sm-a06">
         <name>_Denorm</name>
         <value>0x20000878</value>
         <object_component_ref idref="oc-4bf"/>
      </symbol>
      <symbol id="sm-a1c">
         <name>_nop</name>
         <value>0x9463</value>
         <object_component_ref idref="oc-30a"/>
      </symbol>
      <symbol id="sm-a1d">
         <name>_lock</name>
         <value>0x20000998</value>
         <object_component_ref idref="oc-154"/>
      </symbol>
      <symbol id="sm-a1e">
         <name>_unlock</name>
         <value>0x2000099c</value>
         <object_component_ref idref="oc-154"/>
      </symbol>
      <symbol id="sm-a1f">
         <name>_register_lock</name>
         <value>0x945b</value>
         <object_component_ref idref="oc-30a"/>
      </symbol>
      <symbol id="sm-a20">
         <name>_register_unlock</name>
         <value>0x9455</value>
         <object_component_ref idref="oc-30a"/>
      </symbol>
      <symbol id="sm-b0b">
         <name>__TI_printfi</name>
         <value>0x4877</value>
         <object_component_ref idref="oc-16f"/>
      </symbol>
      <symbol id="sm-b1e">
         <name>_args_main</name>
         <value>0x93d1</value>
         <object_component_ref idref="oc-49"/>
      </symbol>
      <symbol id="sm-b33">
         <name>atoi</name>
         <value>0x8dc9</value>
         <object_component_ref idref="oc-339"/>
      </symbol>
      <symbol id="sm-b4f">
         <name>__TI_auto_init</name>
         <value>0x880d</value>
         <object_component_ref idref="oc-45"/>
      </symbol>
      <symbol id="sm-b67">
         <name>copy_in</name>
         <value>0x8f81</value>
         <object_component_ref idref="oc-14c"/>
      </symbol>
      <symbol id="sm-b71">
         <name>_ctypes_</name>
         <value>0x96a8</value>
         <object_component_ref idref="oc-498"/>
      </symbol>
      <symbol id="sm-b91">
         <name>__aeabi_cdcmpeq</name>
         <value>0x88a1</value>
         <object_component_ref idref="oc-31e"/>
      </symbol>
      <symbol id="sm-b92">
         <name>__aeabi_cdcmple</name>
         <value>0x88a1</value>
         <object_component_ref idref="oc-31e"/>
      </symbol>
      <symbol id="sm-b93">
         <name>__aeabi_cdrcmple</name>
         <value>0x8927</value>
         <object_component_ref idref="oc-322"/>
      </symbol>
      <symbol id="sm-b9c">
         <name>__aeabi_d2iz</name>
         <value>0x8ef1</value>
         <object_component_ref idref="oc-326"/>
      </symbol>
      <symbol id="sm-bbb">
         <name>fmod</name>
         <value>0x7c0d</value>
         <object_component_ref idref="oc-4ba"/>
      </symbol>
      <symbol id="sm-bc3">
         <name>__aeabi_lmul</name>
         <value>0x93e9</value>
         <object_component_ref idref="oc-31a"/>
      </symbol>
      <symbol id="sm-bd1">
         <name>ltoa</name>
         <value>0x8d6d</value>
         <object_component_ref idref="oc-32a"/>
      </symbol>
      <symbol id="sm-be0">
         <name>memccpy</name>
         <value>0x9383</value>
         <object_component_ref idref="oc-334"/>
      </symbol>
      <symbol id="sm-bfb">
         <name>__aeabi_uldivmod</name>
         <value>0x7069</value>
         <object_component_ref idref="oc-316"/>
      </symbol>
      <symbol id="sm-c04">
         <name>_Dclass</name>
         <value>0x958b</value>
         <object_component_ref idref="oc-32f"/>
      </symbol>
      <symbol id="sm-c18">
         <name>_Dnorm</name>
         <value>0x8619</value>
         <object_component_ref idref="oc-512"/>
      </symbol>
      <symbol id="sm-c32">
         <name>_Dscale</name>
         <value>0x8259</value>
         <object_component_ref idref="oc-517"/>
      </symbol>
      <symbol id="sm-c43">
         <name>_Dtest</name>
         <value>0x904d</value>
         <object_component_ref idref="oc-490"/>
      </symbol>
      <symbol id="sm-c51">
         <name>_Feraise</name>
         <value>0x91f5</value>
         <object_component_ref idref="oc-4b5"/>
      </symbol>
      <symbol id="sm-c58">
         <name>_Errno</name>
         <value>0x200009b8</value>
         <object_component_ref idref="oc-50f"/>
      </symbol>
      <symbol id="sm-c73">
         <name>feraiseexcept</name>
         <value>0x91c1</value>
         <object_component_ref idref="oc-50a"/>
      </symbol>
      <symbol id="sm-c74">
         <name>_Tls_setup__Fenv</name>
         <value>0x200009ac</value>
         <object_component_ref idref="oc-531"/>
      </symbol>
      <symbol id="sm-c75">
         <name>_Fenv</name>
         <value>0x200009a8</value>
         <object_component_ref idref="oc-531"/>
      </symbol>
      <symbol id="sm-c88">
         <name>raise</name>
         <value>0x9281</value>
         <object_component_ref idref="oc-52c"/>
      </symbol>
      <symbol id="sm-ca0">
         <name>signal</name>
         <value>0x9115</value>
         <object_component_ref idref="oc-53e"/>
      </symbol>
      <symbol id="sm-ce8">
         <name>TimerLoadSet</name>
         <value>0x9567</value>
         <object_component_ref idref="oc-101"/>
      </symbol>
      <symbol id="sm-ce9">
         <name>TimerDisable</name>
         <value>0x9441</value>
         <object_component_ref idref="oc-110"/>
      </symbol>
      <symbol id="sm-cea">
         <name>TimerEnable</name>
         <value>0x95c9</value>
         <object_component_ref idref="oc-12c"/>
      </symbol>
      <symbol id="sm-ceb">
         <name>TimerIntEnable</name>
         <value>0x9669</value>
         <object_component_ref idref="oc-106"/>
      </symbol>
      <symbol id="sm-cec">
         <name>TimerConfigure</name>
         <value>0x8d11</value>
         <object_component_ref idref="oc-f7"/>
      </symbol>
      <symbol id="sm-ced">
         <name>TimerControlEvent</name>
         <value>0x9555</value>
         <object_component_ref idref="oc-fc"/>
      </symbol>
      <symbol id="sm-cee">
         <name>TimerIntClear</name>
         <value>0x969f</value>
         <object_component_ref idref="oc-11a"/>
      </symbol>
      <symbol id="sm-d29">
         <name>SysCtlDelay</name>
         <value>0x9683</value>
         <object_component_ref idref="oc-88"/>
      </symbol>
      <symbol id="sm-d2a">
         <name>SysCtlPeripheralEnable</name>
         <value>0x918d</value>
         <object_component_ref idref="oc-de"/>
      </symbol>
      <symbol id="sm-d2b">
         <name>SysCtlClockGet</name>
         <value>0x8551</value>
         <object_component_ref idref="oc-83"/>
      </symbol>
      <symbol id="sm-d2c">
         <name>SysCtlPWMClockSet</name>
         <value>0x942d</value>
         <object_component_ref idref="oc-22e"/>
      </symbol>
      <symbol id="sm-d66">
         <name>SSIDataPut</name>
         <value>0x9635</value>
         <object_component_ref idref="oc-2a4"/>
      </symbol>
      <symbol id="sm-d67">
         <name>SSIDataGet</name>
         <value>0x9609</value>
         <object_component_ref idref="oc-370"/>
      </symbol>
      <symbol id="sm-d68">
         <name>SSIDataGetNonBlocking</name>
         <value>0x9543</value>
         <object_component_ref idref="oc-29f"/>
      </symbol>
      <symbol id="sm-d69">
         <name>SSIConfigSetExpClk</name>
         <value>0x9091</value>
         <object_component_ref idref="oc-ed"/>
      </symbol>
      <symbol id="sm-d6a">
         <name>SSIEnable</name>
         <value>0x963f</value>
         <object_component_ref idref="oc-f2"/>
      </symbol>
      <symbol id="sm-d6b">
         <name>SSIBusy</name>
         <value>0x9661</value>
         <object_component_ref idref="oc-375"/>
      </symbol>
      <symbol id="sm-d9a">
         <name>PWMGenPeriodSet</name>
         <value>0x959d</value>
         <object_component_ref idref="oc-238"/>
      </symbol>
      <symbol id="sm-d9b">
         <name>PWMPulseWidthSet</name>
         <value>0x9365</value>
         <object_component_ref idref="oc-23d"/>
      </symbol>
      <symbol id="sm-d9c">
         <name>PWMGenPeriodGet</name>
         <value>0x951f</value>
         <object_component_ref idref="oc-24c"/>
      </symbol>
      <symbol id="sm-d9d">
         <name>PWMOutputState</name>
         <value>0x9531</value>
         <object_component_ref idref="oc-247"/>
      </symbol>
      <symbol id="sm-d9e">
         <name>PWMGenEnable</name>
         <value>0x95fd</value>
         <object_component_ref idref="oc-242"/>
      </symbol>
      <symbol id="sm-d9f">
         <name>PWMGenConfigure</name>
         <value>0x9305</value>
         <object_component_ref idref="oc-233"/>
      </symbol>
      <symbol id="sm-dd4">
         <name>IntEnable</name>
         <value>0x8bf5</value>
         <object_component_ref idref="oc-10b"/>
      </symbol>
      <symbol id="sm-dd5">
         <name>IntDisable</name>
         <value>0x8b95</value>
         <object_component_ref idref="oc-115"/>
      </symbol>
      <symbol id="sm-e15">
         <name>I2CMasterIntStatus</name>
         <value>0x950d</value>
         <object_component_ref idref="oc-2e4"/>
      </symbol>
      <symbol id="sm-e16">
         <name>I2CMasterDataPut</name>
         <value>0x969b</value>
         <object_component_ref idref="oc-2da"/>
      </symbol>
      <symbol id="sm-e17">
         <name>I2CMasterSlaveAddrSet</name>
         <value>0x9659</value>
         <object_component_ref idref="oc-2d5"/>
      </symbol>
      <symbol id="sm-e18">
         <name>I2CMasterDataGet</name>
         <value>0x9697</value>
         <object_component_ref idref="oc-3ac"/>
      </symbol>
      <symbol id="sm-e19">
         <name>I2CMasterErr</name>
         <value>0x9417</value>
         <object_component_ref idref="oc-2e9"/>
      </symbol>
      <symbol id="sm-e1a">
         <name>I2CMasterControl</name>
         <value>0x9693</value>
         <object_component_ref idref="oc-2df"/>
      </symbol>
      <symbol id="sm-e1b">
         <name>I2CMasterEnable</name>
         <value>0x962b</value>
         <object_component_ref idref="oc-3a7"/>
      </symbol>
      <symbol id="sm-e1c">
         <name>I2CMasterIntClear</name>
         <value>0x9651</value>
         <object_component_ref idref="oc-2ee"/>
      </symbol>
      <symbol id="sm-eaa">
         <name>GPIOPinTypePWM</name>
         <value>0x94d7</value>
         <object_component_ref idref="oc-1c0"/>
      </symbol>
      <symbol id="sm-eab">
         <name>GPIOPinConfigure</name>
         <value>0x8e61</value>
         <object_component_ref idref="oc-1b1"/>
      </symbol>
      <symbol id="sm-eac">
         <name>GPIOPinTypeI2CSCL</name>
         <value>0x94c5</value>
         <object_component_ref idref="oc-1b6"/>
      </symbol>
      <symbol id="sm-ead">
         <name>GPIOIntEnable</name>
         <value>0x95f1</value>
         <object_component_ref idref="oc-c4"/>
      </symbol>
      <symbol id="sm-eae">
         <name>GPIOPinTypeI2C</name>
         <value>0x94b3</value>
         <object_component_ref idref="oc-1bb"/>
      </symbol>
      <symbol id="sm-eaf">
         <name>GPIOPinTypeADC</name>
         <value>0x947d</value>
         <object_component_ref idref="oc-1a7"/>
      </symbol>
      <symbol id="sm-eb0">
         <name>GPIOPinTypeGPIOInput</name>
         <value>0x94a1</value>
         <object_component_ref idref="oc-2f3"/>
      </symbol>
      <symbol id="sm-eb1">
         <name>GPIOPinTypeComparator</name>
         <value>0x948f</value>
         <object_component_ref idref="oc-1ac"/>
      </symbol>
      <symbol id="sm-eb2">
         <name>GPIOIntClear</name>
         <value>0x9671</value>
         <object_component_ref idref="oc-ce"/>
      </symbol>
      <symbol id="sm-eb3">
         <name>GPIOPinTypeUART</name>
         <value>0x94fb</value>
         <object_component_ref idref="oc-1ca"/>
      </symbol>
      <symbol id="sm-eb4">
         <name>GPIOIntStatus</name>
         <value>0x95bb</value>
         <object_component_ref idref="oc-c9"/>
      </symbol>
      <symbol id="sm-eb5">
         <name>GPIOPinTypeGPIOOutput</name>
         <value>0x93b9</value>
         <object_component_ref idref="oc-e3"/>
      </symbol>
      <symbol id="sm-eb6">
         <name>GPIOPinRead</name>
         <value>0x9677</value>
         <object_component_ref idref="oc-d3"/>
      </symbol>
      <symbol id="sm-eb7">
         <name>GPIODirModeSet</name>
         <value>0x92db</value>
         <object_component_ref idref="oc-289"/>
      </symbol>
      <symbol id="sm-eb8">
         <name>GPIOPinWrite</name>
         <value>0x967d</value>
         <object_component_ref idref="oc-e8"/>
      </symbol>
      <symbol id="sm-eb9">
         <name>GPIOPadConfigSet</name>
         <value>0x8127</value>
         <object_component_ref idref="oc-284"/>
      </symbol>
      <symbol id="sm-eba">
         <name>GPIOPinTypeSSI</name>
         <value>0x94e9</value>
         <object_component_ref idref="oc-1c5"/>
      </symbol>
      <symbol id="sm-ed5">
         <name>ComparatorRefSet</name>
         <value>0x968f</value>
         <object_component_ref idref="oc-206"/>
      </symbol>
      <symbol id="sm-ed6">
         <name>ComparatorConfigure</name>
         <value>0x9649</value>
         <object_component_ref idref="oc-20b"/>
      </symbol>
      <symbol id="sm-ed7">
         <name>ComparatorValueGet</name>
         <value>0x95e5</value>
         <object_component_ref idref="oc-210"/>
      </symbol>
      <symbol id="sm-f1a">
         <name>ADCProcessorTrigger</name>
         <value>0x9401</value>
         <object_component_ref idref="oc-1f7"/>
      </symbol>
      <symbol id="sm-f1b">
         <name>ADCSequenceEnable</name>
         <value>0x95ad</value>
         <object_component_ref idref="oc-1ed"/>
      </symbol>
      <symbol id="sm-f1c">
         <name>ADCSequenceConfigure</name>
         <value>0x92af</value>
         <object_component_ref idref="oc-1e3"/>
      </symbol>
      <symbol id="sm-f1d">
         <name>ADCSequenceStepConfigure</name>
         <value>0x8b25</value>
         <object_component_ref idref="oc-1e8"/>
      </symbol>
      <symbol id="sm-f1e">
         <name>ADCIntClear</name>
         <value>0x9621</value>
         <object_component_ref idref="oc-1f2"/>
      </symbol>
      <symbol id="sm-f1f">
         <name>ADCIntStatus</name>
         <value>0x9225</value>
         <object_component_ref idref="oc-1fc"/>
      </symbol>
      <symbol id="sm-f20">
         <name>ADCSequenceDataGet</name>
         <value>0x9347</value>
         <object_component_ref idref="oc-201"/>
      </symbol>
      <symbol id="sm-f21">
         <name>__TI_static_base__</name>
         <value>0x0</value>
      </symbol>
      <symbol id="sm-f22">
         <name>xdc_runtime_Error_init__E</name>
         <value>0x0</value>
      </symbol>
      <symbol id="sm-f23">
         <name>ti_sysbios_knl_Task_create</name>
         <value>0x0</value>
      </symbol>
      <symbol id="sm-f24">
         <name>xdc_runtime_System_printf__E</name>
         <value>0x0</value>
      </symbol>
      <symbol id="sm-f25">
         <name>ti_sysbios_BIOS_start__E</name>
         <value>0x0</value>
      </symbol>
      <symbol id="sm-f26">
         <name>ti_sysbios_BIOS_exit__E</name>
         <value>0x0</value>
      </symbol>
      <symbol id="sm-f27">
         <name>__TI_args_main</name>
         <value>0x1</value>
      </symbol>
      <symbol id="sm-f28">
         <name>SHT$$INIT_ARRAY$$Limit</name>
         <value>0x0</value>
      </symbol>
      <symbol id="sm-f29">
         <name>SHT$$INIT_ARRAY$$Base</name>
         <value>0x0</value>
      </symbol>
   </symbol_table>
   <title>Link errors: red sections failed placement</title>
</link_info>
